[-1789227707568342784.000s] DEBUG:colcon:Command line arguments: ['/usr/bin/colcon', 'build', '--packages-select', 'afc_bridge', '--symlink-install']
[-1789227707568342784.000s] DEBUG:colcon:Parsed command line arguments: Namespace(log_base=None, log_level=None, verb_name='build', build_base='build', install_base='install', merge_install=False, symlink_install=True, test_result_base=None, continue_on_error=False, executor='parallel', parallel_workers=16, event_handlers=None, ignore_user_meta=False, metas=['./colcon.meta'], base_paths=['.'], packages_ignore=None, packages_ignore_regex=None, paths=None, packages_up_to=None, packages_up_to_regex=None, packages_above=None, packages_above_and_dependencies=None, packages_above_depth=None, packages_select_by_dep=None, packages_skip_by_dep=None, packages_skip_up_to=None, packages_select_build_failed=False, packages_skip_build_finished=False, packages_select_test_failures=False, packages_skip_test_passed=False, packages_select=['afc_bridge'], packages_skip=None, packages_select_regex=None, packages_skip_regex=None, packages_start=None, packages_end=None, allow_overriding=[], cmake_args=None, cmake_target=None, cmake_target_skip_unavailable=False, cmake_clean_cache=False, cmake_clean_first=False, cmake_force_configure=False, ament_cmake_args=None, catkin_cmake_args=None, catkin_skip_building_tests=False, mixin_files=None, mixin=None, verb_parser=<colcon_mixin.mixin.mixin_argument.MixinArgumentDecorator object at 0x7bd3b5a23d90>, verb_extension=<colcon_core.verb.build.BuildVerb object at 0x7bd3b59d78c0>, main=<bound method BuildVerb.main of <colcon_core.verb.build.BuildVerb object at 0x7bd3b59d78c0>>, mixin_verb=('build',))
[-1789227707568342784.000s] Level 1:colcon.colcon_core.package_discovery:discover_packages(colcon_meta) check parameters
[-1789227707568342784.000s] Level 1:colcon.colcon_core.package_discovery:discover_packages(recursive) check parameters
[-1789227707568342784.000s] Level 1:colcon.colcon_core.package_discovery:discover_packages(ignore) check parameters
[-1789227707568342784.000s] Level 1:colcon.colcon_core.package_discovery:discover_packages(path) check parameters
[-1789227707568342784.000s] Level 1:colcon.colcon_core.package_discovery:discover_packages(colcon_meta) discover
[-1789227707568342784.000s] Level 1:colcon.colcon_core.package_discovery:discover_packages(recursive) discover
[-1789227707568342784.000s] INFO:colcon.colcon_core.package_discovery:Crawling recursively for packages in '/home/mattmccrink/afc-drone'
[-1789227707568342784.000s] Level 1:colcon.colcon_core.package_identification:_identify(.) by extensions ['ignore', 'ignore_ament_install']
[-1789227707568342784.000s] Level 1:colcon.colcon_core.package_identification:_identify(.) by extension 'ignore'
[-1789227707568342784.000s] Level 1:colcon.colcon_core.package_identification:_identify(.) by extension 'ignore_ament_install'
[-1789227707568342784.000s] Level 1:colcon.colcon_core.package_identification:_identify(.) by extensions ['colcon_pkg']
[-1789227707568342784.000s] Level 1:colcon.colcon_core.package_identification:_identify(.) by extension 'colcon_pkg'
[-1789227707568342784.000s] Level 1:colcon.colcon_core.package_identification:_identify(.) by extensions ['colcon_meta']
[-1789227707568342784.000s] Level 1:colcon.colcon_core.package_identification:_identify(.) by extension 'colcon_meta'
[-1789227707568342784.000s] Level 1:colcon.colcon_core.package_identification:_identify(.) by extensions ['ros']
[-1789227707568342784.000s] Level 1:colcon.colcon_core.package_identification:_identify(.) by extension 'ros'
[-1789227707568342784.000s] Level 1:colcon.colcon_core.package_identification:_identify(.) by extensions ['cmake', 'python']
[-1789227707568342784.000s] Level 1:colcon.colcon_core.package_identification:_identify(.) by extension 'cmake'
[-1789227707568342784.000s] Level 1:colcon.colcon_core.package_identification:_identify(.) by extension 'python'
[-1789227707568342784.000s] Level 1:colcon.colcon_core.package_identification:_identify(.) by extensions ['python_setup_py']
[-1789227707568342784.000s] Level 1:colcon.colcon_core.package_identification:_identify(.) by extension 'python_setup_py'
[-1789227707568342784.000s] Level 1:colcon.colcon_core.package_identification:_identify(build) by extensions ['ignore', 'ignore_ament_install']
[-1789227707568342784.000s] Level 1:colcon.colcon_core.package_identification:_identify(build) by extension 'ignore'
[-1789227707568342784.000s] Level 1:colcon.colcon_core.package_identification:_identify(build) ignored
[-1789227707568342784.000s] Level 1:colcon.colcon_core.package_identification:_identify(docs) by extensions ['ignore', 'ignore_ament_install']
[-1789227707568342784.000s] Level 1:colcon.colcon_core.package_identification:_identify(docs) by extension 'ignore'
[-1789227707568342784.000s] Level 1:colcon.colcon_core.package_identification:_identify(docs) by extension 'ignore_ament_install'
[-1789227707568342784.000s] Level 1:colcon.colcon_core.package_identification:_identify(docs) by extensions ['colcon_pkg']
[-1789227707568342784.000s] Level 1:colcon.colcon_core.package_identification:_identify(docs) by extension 'colcon_pkg'
[-1789227707568342784.000s] Level 1:colcon.colcon_core.package_identification:_identify(docs) by extensions ['colcon_meta']
[-1789227707568342784.000s] Level 1:colcon.colcon_core.package_identification:_identify(docs) by extension 'colcon_meta'
[-1789227707568342784.000s] Level 1:colcon.colcon_core.package_identification:_identify(docs) by extensions ['ros']
[-1789227707568342784.000s] Level 1:colcon.colcon_core.package_identification:_identify(docs) by extension 'ros'
[-1789227707568342784.000s] Level 1:colcon.colcon_core.package_identification:_identify(docs) by extensions ['cmake', 'python']
[-1789227707568342784.000s] Level 1:colcon.colcon_core.package_identification:_identify(docs) by extension 'cmake'
[-1789227707568342784.000s] Level 1:colcon.colcon_core.package_identification:_identify(docs) by extension 'python'
[-1789227707568342784.000s] Level 1:colcon.colcon_core.package_identification:_identify(docs) by extensions ['python_setup_py']
[-1789227707568342784.000s] Level 1:colcon.colcon_core.package_identification:_identify(docs) by extension 'python_setup_py'
[-1789227707568342784.000s] Level 1:colcon.colcon_core.package_identification:_identify(host_tools) by extensions ['ignore', 'ignore_ament_install']
[-1789227707568342784.000s] Level 1:colcon.colcon_core.package_identification:_identify(host_tools) by extension 'ignore'
[-1789227707568342784.000s] Level 1:colcon.colcon_core.package_identification:_identify(host_tools) by extension 'ignore_ament_install'
[-1789227707568342784.000s] Level 1:colcon.colcon_core.package_identification:_identify(host_tools) by extensions ['colcon_pkg']
[-1789227707568342784.000s] Level 1:colcon.colcon_core.package_identification:_identify(host_tools) by extension 'colcon_pkg'
[-1789227707568342784.000s] Level 1:colcon.colcon_core.package_identification:_identify(host_tools) by extensions ['colcon_meta']
[-1789227707568342784.000s] Level 1:colcon.colcon_core.package_identification:_identify(host_tools) by extension 'colcon_meta'
[-1789227707568342784.000s] Level 1:colcon.colcon_core.package_identification:_identify(host_tools) by extensions ['ros']
[-1789227707568342784.000s] Level 1:colcon.colcon_core.package_identification:_identify(host_tools) by extension 'ros'
[-1789227707568342784.000s] Level 1:colcon.colcon_core.package_identification:_identify(host_tools) by extensions ['cmake', 'python']
[-1789227707568342784.000s] Level 1:colcon.colcon_core.package_identification:_identify(host_tools) by extension 'cmake'
[-1789227707568342784.000s] Level 1:colcon.colcon_core.package_identification:_identify(host_tools) by extension 'python'
[-1789227707568342784.000s] Level 1:colcon.colcon_core.package_identification:_identify(host_tools) by extensions ['python_setup_py']
[-1789227707568342784.000s] Level 1:colcon.colcon_core.package_identification:_identify(host_tools) by extension 'python_setup_py'
[-1789227707568342784.000s] Level 1:colcon.colcon_core.package_identification:_identify(install) by extensions ['ignore', 'ignore_ament_install']
[-1789227707568342784.000s] Level 1:colcon.colcon_core.package_identification:_identify(install) by extension 'ignore'
[-1789227707568342784.000s] Level 1:colcon.colcon_core.package_identification:_identify(install) ignored
[-1789227707568342784.000s] Level 1:colcon.colcon_core.package_identification:_identify(log) by extensions ['ignore', 'ignore_ament_install']
[-1789227707568342784.000s] Level 1:colcon.colcon_core.package_identification:_identify(log) by extension 'ignore'
[-1789227707568342784.000s] Level 1:colcon.colcon_core.package_identification:_identify(log) ignored
[-1789227707568342784.000s] Level 1:colcon.colcon_core.package_identification:_identify(rp2350_valve_node) by extensions ['ignore', 'ignore_ament_install']
[-1789227707568342784.000s] Level 1:colcon.colcon_core.package_identification:_identify(rp2350_valve_node) by extension 'ignore'
[-1789227707568342784.000s] Level 1:colcon.colcon_core.package_identification:_identify(rp2350_valve_node) by extension 'ignore_ament_install'
[-1789227707568342784.000s] Level 1:colcon.colcon_core.package_identification:_identify(rp2350_valve_node) by extensions ['colcon_pkg']
[-1789227707568342784.000s] Level 1:colcon.colcon_core.package_identification:_identify(rp2350_valve_node) by extension 'colcon_pkg'
[-1789227707568342784.000s] Level 1:colcon.colcon_core.package_identification:_identify(rp2350_valve_node) by extensions ['colcon_meta']
[-1789227707568342784.000s] Level 1:colcon.colcon_core.package_identification:_identify(rp2350_valve_node) by extension 'colcon_meta'
[-1789227707568342784.000s] Level 1:colcon.colcon_core.package_identification:_identify(rp2350_valve_node) by extensions ['ros']
[-1789227707568342784.000s] Level 1:colcon.colcon_core.package_identification:_identify(rp2350_valve_node) by extension 'ros'
[-1789227707568342784.000s] Level 1:colcon.colcon_core.package_identification:_identify(rp2350_valve_node) by extensions ['cmake', 'python']
[-1789227707568342784.000s] Level 1:colcon.colcon_core.package_identification:_identify(rp2350_valve_node) by extension 'cmake'
[-1789227707568342784.000s] Level 1:colcon.colcon_core.package_identification:_identify(rp2350_valve_node) by extension 'python'
[-1789227707568342784.000s] Level 1:colcon.colcon_core.package_identification:_identify(rp2350_valve_node) by extensions ['python_setup_py']
[-1789227707568342784.000s] Level 1:colcon.colcon_core.package_identification:_identify(rp2350_valve_node) by extension 'python_setup_py'
[-1789227707568342784.000s] Level 1:colcon.colcon_core.package_identification:_identify(rpi_ros2) by extensions ['ignore', 'ignore_ament_install']
[-1789227707568342784.000s] Level 1:colcon.colcon_core.package_identification:_identify(rpi_ros2) by extension 'ignore'
[-1789227707568342784.000s] Level 1:colcon.colcon_core.package_identification:_identify(rpi_ros2) by extension 'ignore_ament_install'
[-1789227707568342784.000s] Level 1:colcon.colcon_core.package_identification:_identify(rpi_ros2) by extensions ['colcon_pkg']
[-1789227707568342784.000s] Level 1:colcon.colcon_core.package_identification:_identify(rpi_ros2) by extension 'colcon_pkg'
[-1789227707568342784.000s] Level 1:colcon.colcon_core.package_identification:_identify(rpi_ros2) by extensions ['colcon_meta']
[-1789227707568342784.000s] Level 1:colcon.colcon_core.package_identification:_identify(rpi_ros2) by extension 'colcon_meta'
[-1789227707568342784.000s] Level 1:colcon.colcon_core.package_identification:_identify(rpi_ros2) by extensions ['ros']
[-1789227707568342784.000s] Level 1:colcon.colcon_core.package_identification:_identify(rpi_ros2) by extension 'ros'
[-1789227707568342784.000s] Level 1:colcon.colcon_core.package_identification:_identify(rpi_ros2) by extensions ['cmake', 'python']
[-1789227707568342784.000s] Level 1:colcon.colcon_core.package_identification:_identify(rpi_ros2) by extension 'cmake'
[-1789227707568342784.000s] Level 1:colcon.colcon_core.package_identification:_identify(rpi_ros2) by extension 'python'
[-1789227707568342784.000s] Level 1:colcon.colcon_core.package_identification:_identify(rpi_ros2) by extensions ['python_setup_py']
[-1789227707568342784.000s] Level 1:colcon.colcon_core.package_identification:_identify(rpi_ros2) by extension 'python_setup_py'
[-1789227707568342784.000s] Level 1:colcon.colcon_core.package_identification:_identify(rpi_ros2/build) by extensions ['ignore', 'ignore_ament_install']
[-1789227707568342784.000s] Level 1:colcon.colcon_core.package_identification:_identify(rpi_ros2/build) by extension 'ignore'
[-1789227707568342784.000s] Level 1:colcon.colcon_core.package_identification:_identify(rpi_ros2/build) ignored
[-1789227707568342784.000s] Level 1:colcon.colcon_core.package_identification:_identify(rpi_ros2/install) by extensions ['ignore', 'ignore_ament_install']
[-1789227707568342784.000s] Level 1:colcon.colcon_core.package_identification:_identify(rpi_ros2/install) by extension 'ignore'
[-1789227707568342784.000s] Level 1:colcon.colcon_core.package_identification:_identify(rpi_ros2/install) ignored
[-1789227707568342784.000s] Level 1:colcon.colcon_core.package_identification:_identify(rpi_ros2/log) by extensions ['ignore', 'ignore_ament_install']
[-1789227707568342784.000s] Level 1:colcon.colcon_core.package_identification:_identify(rpi_ros2/log) by extension 'ignore'
[-1789227707568342784.000s] Level 1:colcon.colcon_core.package_identification:_identify(rpi_ros2/log) ignored
[-1789227707568342784.000s] Level 1:colcon.colcon_core.package_identification:_identify(rpi_ros2/src) by extensions ['ignore', 'ignore_ament_install']
[-1789227707568342784.000s] Level 1:colcon.colcon_core.package_identification:_identify(rpi_ros2/src) by extension 'ignore'
[-1789227707568342784.000s] Level 1:colcon.colcon_core.package_identification:_identify(rpi_ros2/src) by extension 'ignore_ament_install'
[-1789227707568342784.000s] Level 1:colcon.colcon_core.package_identification:_identify(rpi_ros2/src) by extensions ['colcon_pkg']
[-1789227707568342784.000s] Level 1:colcon.colcon_core.package_identification:_identify(rpi_ros2/src) by extension 'colcon_pkg'
[-1789227707568342784.000s] Level 1:colcon.colcon_core.package_identification:_identify(rpi_ros2/src) by extensions ['colcon_meta']
[-1789227707568342784.000s] Level 1:colcon.colcon_core.package_identification:_identify(rpi_ros2/src) by extension 'colcon_meta'
[-1789227707568342784.000s] Level 1:colcon.colcon_core.package_identification:_identify(rpi_ros2/src) by extensions ['ros']
[-1789227707568342784.000s] Level 1:colcon.colcon_core.package_identification:_identify(rpi_ros2/src) by extension 'ros'
[-1789227707568342784.000s] Level 1:colcon.colcon_core.package_identification:_identify(rpi_ros2/src) by extensions ['cmake', 'python']
[-1789227707568342784.000s] Level 1:colcon.colcon_core.package_identification:_identify(rpi_ros2/src) by extension 'cmake'
[-1789227707568342784.000s] Level 1:colcon.colcon_core.package_identification:_identify(rpi_ros2/src) by extension 'python'
[-1789227707568342784.000s] Level 1:colcon.colcon_core.package_identification:_identify(rpi_ros2/src) by extensions ['python_setup_py']
[-1789227707568342784.000s] Level 1:colcon.colcon_core.package_identification:_identify(rpi_ros2/src) by extension 'python_setup_py'
[-1789227707568342784.000s] Level 1:colcon.colcon_core.package_identification:_identify(rpi_ros2/src/afc_bridge) by extensions ['ignore', 'ignore_ament_install']
[-1789227707568342784.000s] Level 1:colcon.colcon_core.package_identification:_identify(rpi_ros2/src/afc_bridge) by extension 'ignore'
[-1789227707568342784.000s] Level 1:colcon.colcon_core.package_identification:_identify(rpi_ros2/src/afc_bridge) by extension 'ignore_ament_install'
[-1789227707568342784.000s] Level 1:colcon.colcon_core.package_identification:_identify(rpi_ros2/src/afc_bridge) by extensions ['colcon_pkg']
[-1789227707568342784.000s] Level 1:colcon.colcon_core.package_identification:_identify(rpi_ros2/src/afc_bridge) by extension 'colcon_pkg'
[-1789227707568342784.000s] Level 1:colcon.colcon_core.package_identification:_identify(rpi_ros2/src/afc_bridge) by extensions ['colcon_meta']
[-1789227707568342784.000s] Level 1:colcon.colcon_core.package_identification:_identify(rpi_ros2/src/afc_bridge) by extension 'colcon_meta'
[-1789227707568342784.000s] Level 1:colcon.colcon_core.package_identification:_identify(rpi_ros2/src/afc_bridge) by extensions ['ros']
[-1789227707568342784.000s] Level 1:colcon.colcon_core.package_identification:_identify(rpi_ros2/src/afc_bridge) by extension 'ros'
[-1789227707568342784.000s] DEBUG:colcon.colcon_core.package_identification:Package 'rpi_ros2/src/afc_bridge' with type 'ros.ament_python' and name 'afc_bridge'
[-1789227707568342784.000s] Level 1:colcon.colcon_core.package_identification:_identify(rpi_ros2/src/afc_bridge_msgs) by extensions ['ignore', 'ignore_ament_install']
[-1789227707568342784.000s] Level 1:colcon.colcon_core.package_identification:_identify(rpi_ros2/src/afc_bridge_msgs) by extension 'ignore'
[-1789227707568342784.000s] Level 1:colcon.colcon_core.package_identification:_identify(rpi_ros2/src/afc_bridge_msgs) by extension 'ignore_ament_install'
[-1789227707568342784.000s] Level 1:colcon.colcon_core.package_identification:_identify(rpi_ros2/src/afc_bridge_msgs) by extensions ['colcon_pkg']
[-1789227707568342784.000s] Level 1:colcon.colcon_core.package_identification:_identify(rpi_ros2/src/afc_bridge_msgs) by extension 'colcon_pkg'
[-1789227707568342784.000s] Level 1:colcon.colcon_core.package_identification:_identify(rpi_ros2/src/afc_bridge_msgs) by extensions ['colcon_meta']
[-1789227707568342784.000s] Level 1:colcon.colcon_core.package_identification:_identify(rpi_ros2/src/afc_bridge_msgs) by extension 'colcon_meta'
[-1789227707568342784.000s] Level 1:colcon.colcon_core.package_identification:_identify(rpi_ros2/src/afc_bridge_msgs) by extensions ['ros']
[-1789227707568342784.000s] Level 1:colcon.colcon_core.package_identification:_identify(rpi_ros2/src/afc_bridge_msgs) by extension 'ros'
[-1789227707568342784.000s] DEBUG:colcon.colcon_core.package_identification:Package 'rpi_ros2/src/afc_bridge_msgs' with type 'ros.ament_cmake' and name 'afc_bridge_msgs'
[-1789227707568342784.000s] Level 1:colcon.colcon_core.package_identification:_identify(rpi_ros2/src/px4_msgs) by extensions ['ignore', 'ignore_ament_install']
[-1789227707568342784.000s] Level 1:colcon.colcon_core.package_identification:_identify(rpi_ros2/src/px4_msgs) by extension 'ignore'
[-1789227707568342784.000s] Level 1:colcon.colcon_core.package_identification:_identify(rpi_ros2/src/px4_msgs) by extension 'ignore_ament_install'
[-1789227707568342784.000s] Level 1:colcon.colcon_core.package_identification:_identify(rpi_ros2/src/px4_msgs) by extensions ['colcon_pkg']
[-1789227707568342784.000s] Level 1:colcon.colcon_core.package_identification:_identify(rpi_ros2/src/px4_msgs) by extension 'colcon_pkg'
[-1789227707568342784.000s] Level 1:colcon.colcon_core.package_identification:_identify(rpi_ros2/src/px4_msgs) by extensions ['colcon_meta']
[-1789227707568342784.000s] Level 1:colcon.colcon_core.package_identification:_identify(rpi_ros2/src/px4_msgs) by extension 'colcon_meta'
[-1789227707568342784.000s] Level 1:colcon.colcon_core.package_identification:_identify(rpi_ros2/src/px4_msgs) by extensions ['ros']
[-1789227707568342784.000s] Level 1:colcon.colcon_core.package_identification:_identify(rpi_ros2/src/px4_msgs) by extension 'ros'
[-1789227707568342784.000s] DEBUG:colcon.colcon_core.package_identification:Package 'rpi_ros2/src/px4_msgs' with type 'ros.ament_cmake' and name 'px4_msgs'
[-1789227707568342784.000s] Level 1:colcon.colcon_core.package_identification:_identify(rpi_ros2/tools) by extensions ['ignore', 'ignore_ament_install']
[-1789227707568342784.000s] Level 1:colcon.colcon_core.package_identification:_identify(rpi_ros2/tools) by extension 'ignore'
[-1789227707568342784.000s] Level 1:colcon.colcon_core.package_identification:_identify(rpi_ros2/tools) by extension 'ignore_ament_install'
[-1789227707568342784.000s] Level 1:colcon.colcon_core.package_identification:_identify(rpi_ros2/tools) by extensions ['colcon_pkg']
[-1789227707568342784.000s] Level 1:colcon.colcon_core.package_identification:_identify(rpi_ros2/tools) by extension 'colcon_pkg'
[-1789227707568342784.000s] Level 1:colcon.colcon_core.package_identification:_identify(rpi_ros2/tools) by extensions ['colcon_meta']
[-1789227707568342784.000s] Level 1:colcon.colcon_core.package_identification:_identify(rpi_ros2/tools) by extension 'colcon_meta'
[-1789227707568342784.000s] Level 1:colcon.colcon_core.package_identification:_identify(rpi_ros2/tools) by extensions ['ros']
[-1789227707568342784.000s] Level 1:colcon.colcon_core.package_identification:_identify(rpi_ros2/tools) by extension 'ros'
[-1789227707568342784.000s] Level 1:colcon.colcon_core.package_identification:_identify(rpi_ros2/tools) by extensions ['cmake', 'python']
[-1789227707568342784.000s] Level 1:colcon.colcon_core.package_identification:_identify(rpi_ros2/tools) by extension 'cmake'
[-1789227707568342784.000s] Level 1:colcon.colcon_core.package_identification:_identify(rpi_ros2/tools) by extension 'python'
[-1789227707568342784.000s] Level 1:colcon.colcon_core.package_identification:_identify(rpi_ros2/tools) by extensions ['python_setup_py']
[-1789227707568342784.000s] Level 1:colcon.colcon_core.package_identification:_identify(rpi_ros2/tools) by extension 'python_setup_py'
[-1789227707568342784.000s] Level 1:colcon.colcon_core.package_identification:_identify(teensy_escpid) by extensions ['ignore', 'ignore_ament_install']
[-1789227707568342784.000s] Level 1:colcon.colcon_core.package_identification:_identify(teensy_escpid) by extension 'ignore'
[-1789227707568342784.000s] Level 1:colcon.colcon_core.package_identification:_identify(teensy_escpid) by extension 'ignore_ament_install'
[-1789227707568342784.000s] Level 1:colcon.colcon_core.package_identification:_identify(teensy_escpid) by extensions ['colcon_pkg']
[-1789227707568342784.000s] Level 1:colcon.colcon_core.package_identification:_identify(teensy_escpid) by extension 'colcon_pkg'
[-1789227707568342784.000s] Level 1:colcon.colcon_core.package_identification:_identify(teensy_escpid) by extensions ['colcon_meta']
[-1789227707568342784.000s] Level 1:colcon.colcon_core.package_identification:_identify(teensy_escpid) by extension 'colcon_meta'
[-1789227707568342784.000s] Level 1:colcon.colcon_core.package_identification:_identify(teensy_escpid) by extensions ['ros']
[-1789227707568342784.000s] Level 1:colcon.colcon_core.package_identification:_identify(teensy_escpid) by extension 'ros'
[-1789227707568342784.000s] Level 1:colcon.colcon_core.package_identification:_identify(teensy_escpid) by extensions ['cmake', 'python']
[-1789227707568342784.000s] Level 1:colcon.colcon_core.package_identification:_identify(teensy_escpid) by extension 'cmake'
[-1789227707568342784.000s] Level 1:colcon.colcon_core.package_identification:_identify(teensy_escpid) by extension 'python'
[-1789227707568342784.000s] Level 1:colcon.colcon_core.package_identification:_identify(teensy_escpid) by extensions ['python_setup_py']
[-1789227707568342784.000s] Level 1:colcon.colcon_core.package_identification:_identify(teensy_escpid) by extension 'python_setup_py'
[-1789227707568342784.000s] Level 1:colcon.colcon_core.package_identification:_identify(teensy_escpid/Arda) by extensions ['ignore', 'ignore_ament_install']
[-1789227707568342784.000s] Level 1:colcon.colcon_core.package_identification:_identify(teensy_escpid/Arda) by extension 'ignore'
[-1789227707568342784.000s] Level 1:colcon.colcon_core.package_identification:_identify(teensy_escpid/Arda) by extension 'ignore_ament_install'
[-1789227707568342784.000s] Level 1:colcon.colcon_core.package_identification:_identify(teensy_escpid/Arda) by extensions ['colcon_pkg']
[-1789227707568342784.000s] Level 1:colcon.colcon_core.package_identification:_identify(teensy_escpid/Arda) by extension 'colcon_pkg'
[-1789227707568342784.000s] Level 1:colcon.colcon_core.package_identification:_identify(teensy_escpid/Arda) by extensions ['colcon_meta']
[-1789227707568342784.000s] Level 1:colcon.colcon_core.package_identification:_identify(teensy_escpid/Arda) by extension 'colcon_meta'
[-1789227707568342784.000s] Level 1:colcon.colcon_core.package_identification:_identify(teensy_escpid/Arda) by extensions ['ros']
[-1789227707568342784.000s] Level 1:colcon.colcon_core.package_identification:_identify(teensy_escpid/Arda) by extension 'ros'
[-1789227707568342784.000s] Level 1:colcon.colcon_core.package_identification:_identify(teensy_escpid/Arda) by extensions ['cmake', 'python']
[-1789227707568342784.000s] Level 1:colcon.colcon_core.package_identification:_identify(teensy_escpid/Arda) by extension 'cmake'
[-1789227707568342784.000s] Level 1:colcon.colcon_core.package_identification:_identify(teensy_escpid/Arda) by extension 'python'
[-1789227707568342784.000s] Level 1:colcon.colcon_core.package_identification:_identify(teensy_escpid/Arda) by extensions ['python_setup_py']
[-1789227707568342784.000s] Level 1:colcon.colcon_core.package_identification:_identify(teensy_escpid/Arda) by extension 'python_setup_py'
[-1789227707568342784.000s] Level 1:colcon.colcon_core.package_identification:_identify(teensy_escpid/Arda/dshot_simple_api) by extensions ['ignore', 'ignore_ament_install']
[-1789227707568342784.000s] Level 1:colcon.colcon_core.package_identification:_identify(teensy_escpid/Arda/dshot_simple_api) by extension 'ignore'
[-1789227707568342784.000s] Level 1:colcon.colcon_core.package_identification:_identify(teensy_escpid/Arda/dshot_simple_api) by extension 'ignore_ament_install'
[-1789227707568342784.000s] Level 1:colcon.colcon_core.package_identification:_identify(teensy_escpid/Arda/dshot_simple_api) by extensions ['colcon_pkg']
[-1789227707568342784.000s] Level 1:colcon.colcon_core.package_identification:_identify(teensy_escpid/Arda/dshot_simple_api) by extension 'colcon_pkg'
[-1789227707568342784.000s] Level 1:colcon.colcon_core.package_identification:_identify(teensy_escpid/Arda/dshot_simple_api) by extensions ['colcon_meta']
[-1789227707568342784.000s] Level 1:colcon.colcon_core.package_identification:_identify(teensy_escpid/Arda/dshot_simple_api) by extension 'colcon_meta'
[-1789227707568342784.000s] Level 1:colcon.colcon_core.package_identification:_identify(teensy_escpid/Arda/dshot_simple_api) by extensions ['ros']
[-1789227707568342784.000s] Level 1:colcon.colcon_core.package_identification:_identify(teensy_escpid/Arda/dshot_simple_api) by extension 'ros'
[-1789227707568342784.000s] Level 1:colcon.colcon_core.package_identification:_identify(teensy_escpid/Arda/dshot_simple_api) by extensions ['cmake', 'python']
[-1789227707568342784.000s] Level 1:colcon.colcon_core.package_identification:_identify(teensy_escpid/Arda/dshot_simple_api) by extension 'cmake'
[-1789227707568342784.000s] Level 1:colcon.colcon_core.package_identification:_identify(teensy_escpid/Arda/dshot_simple_api) by extension 'python'
[-1789227707568342784.000s] Level 1:colcon.colcon_core.package_identification:_identify(teensy_escpid/Arda/dshot_simple_api) by extensions ['python_setup_py']
[-1789227707568342784.000s] Level 1:colcon.colcon_core.package_identification:_identify(teensy_escpid/Arda/dshot_simple_api) by extension 'python_setup_py'
[-1789227707568342784.000s] Level 1:colcon.colcon_core.package_identification:_identify(teensy_escpid/Arda/dshot_simple_api/include) by extensions ['ignore', 'ignore_ament_install']
[-1789227707568342784.000s] Level 1:colcon.colcon_core.package_identification:_identify(teensy_escpid/Arda/dshot_simple_api/include) by extension 'ignore'
[-1789227707568342784.000s] Level 1:colcon.colcon_core.package_identification:_identify(teensy_escpid/Arda/dshot_simple_api/include) by extension 'ignore_ament_install'
[-1789227707568342784.000s] Level 1:colcon.colcon_core.package_identification:_identify(teensy_escpid/Arda/dshot_simple_api/include) by extensions ['colcon_pkg']
[-1789227707568342784.000s] Level 1:colcon.colcon_core.package_identification:_identify(teensy_escpid/Arda/dshot_simple_api/include) by extension 'colcon_pkg'
[-1789227707568342784.000s] Level 1:colcon.colcon_core.package_identification:_identify(teensy_escpid/Arda/dshot_simple_api/include) by extensions ['colcon_meta']
[-1789227707568342784.000s] Level 1:colcon.colcon_core.package_identification:_identify(teensy_escpid/Arda/dshot_simple_api/include) by extension 'colcon_meta'
[-1789227707568342784.000s] Level 1:colcon.colcon_core.package_identification:_identify(teensy_escpid/Arda/dshot_simple_api/include) by extensions ['ros']
[-1789227707568342784.000s] Level 1:colcon.colcon_core.package_identification:_identify(teensy_escpid/Arda/dshot_simple_api/include) by extension 'ros'
[-1789227707568342784.000s] Level 1:colcon.colcon_core.package_identification:_identify(teensy_escpid/Arda/dshot_simple_api/include) by extensions ['cmake', 'python']
[-1789227707568342784.000s] Level 1:colcon.colcon_core.package_identification:_identify(teensy_escpid/Arda/dshot_simple_api/include) by extension 'cmake'
[-1789227707568342784.000s] Level 1:colcon.colcon_core.package_identification:_identify(teensy_escpid/Arda/dshot_simple_api/include) by extension 'python'
[-1789227707568342784.000s] Level 1:colcon.colcon_core.package_identification:_identify(teensy_escpid/Arda/dshot_simple_api/include) by extensions ['python_setup_py']
[-1789227707568342784.000s] Level 1:colcon.colcon_core.package_identification:_identify(teensy_escpid/Arda/dshot_simple_api/include) by extension 'python_setup_py'
[-1789227707568342784.000s] Level 1:colcon.colcon_core.package_identification:_identify(teensy_escpid/Arda/dshot_simple_api/src) by extensions ['ignore', 'ignore_ament_install']
[-1789227707568342784.000s] Level 1:colcon.colcon_core.package_identification:_identify(teensy_escpid/Arda/dshot_simple_api/src) by extension 'ignore'
[-1789227707568342784.000s] Level 1:colcon.colcon_core.package_identification:_identify(teensy_escpid/Arda/dshot_simple_api/src) by extension 'ignore_ament_install'
[-1789227707568342784.000s] Level 1:colcon.colcon_core.package_identification:_identify(teensy_escpid/Arda/dshot_simple_api/src) by extensions ['colcon_pkg']
[-1789227707568342784.000s] Level 1:colcon.colcon_core.package_identification:_identify(teensy_escpid/Arda/dshot_simple_api/src) by extension 'colcon_pkg'
[-1789227707568342784.000s] Level 1:colcon.colcon_core.package_identification:_identify(teensy_escpid/Arda/dshot_simple_api/src) by extensions ['colcon_meta']
[-1789227707568342784.000s] Level 1:colcon.colcon_core.package_identification:_identify(teensy_escpid/Arda/dshot_simple_api/src) by extension 'colcon_meta'
[-1789227707568342784.000s] Level 1:colcon.colcon_core.package_identification:_identify(teensy_escpid/Arda/dshot_simple_api/src) by extensions ['ros']
[-1789227707568342784.000s] Level 1:colcon.colcon_core.package_identification:_identify(teensy_escpid/Arda/dshot_simple_api/src) by extension 'ros'
[-1789227707568342784.000s] Level 1:colcon.colcon_core.package_identification:_identify(teensy_escpid/Arda/dshot_simple_api/src) by extensions ['cmake', 'python']
[-1789227707568342784.000s] Level 1:colcon.colcon_core.package_identification:_identify(teensy_escpid/Arda/dshot_simple_api/src) by extension 'cmake'
[-1789227707568342784.000s] Level 1:colcon.colcon_core.package_identification:_identify(teensy_escpid/Arda/dshot_simple_api/src) by extension 'python'
[-1789227707568342784.000s] Level 1:colcon.colcon_core.package_identification:_identify(teensy_escpid/Arda/dshot_simple_api/src) by extensions ['python_setup_py']
[-1789227707568342784.000s] Level 1:colcon.colcon_core.package_identification:_identify(teensy_escpid/Arda/dshot_simple_api/src) by extension 'python_setup_py'
[-1789227707568342784.000s] Level 1:colcon.colcon_core.package_identification:_identify(teensy_escpid/ESCPID) by extensions ['ignore', 'ignore_ament_install']
[-1789227707568342784.000s] Level 1:colcon.colcon_core.package_identification:_identify(teensy_escpid/ESCPID) by extension 'ignore'
[-1789227707568342784.000s] Level 1:colcon.colcon_core.package_identification:_identify(teensy_escpid/ESCPID) by extension 'ignore_ament_install'
[-1789227707568342784.000s] Level 1:colcon.colcon_core.package_identification:_identify(teensy_escpid/ESCPID) by extensions ['colcon_pkg']
[-1789227707568342784.000s] Level 1:colcon.colcon_core.package_identification:_identify(teensy_escpid/ESCPID) by extension 'colcon_pkg'
[-1789227707568342784.000s] Level 1:colcon.colcon_core.package_identification:_identify(teensy_escpid/ESCPID) by extensions ['colcon_meta']
[-1789227707568342784.000s] Level 1:colcon.colcon_core.package_identification:_identify(teensy_escpid/ESCPID) by extension 'colcon_meta'
[-1789227707568342784.000s] Level 1:colcon.colcon_core.package_identification:_identify(teensy_escpid/ESCPID) by extensions ['ros']
[-1789227707568342784.000s] Level 1:colcon.colcon_core.package_identification:_identify(teensy_escpid/ESCPID) by extension 'ros'
[-1789227707568342784.000s] Level 1:colcon.colcon_core.package_identification:_identify(teensy_escpid/ESCPID) by extensions ['cmake', 'python']
[-1789227707568342784.000s] Level 1:colcon.colcon_core.package_identification:_identify(teensy_escpid/ESCPID) by extension 'cmake'
[-1789227707568342784.000s] Level 1:colcon.colcon_core.package_identification:_identify(teensy_escpid/ESCPID) by extension 'python'
[-1789227707568342784.000s] Level 1:colcon.colcon_core.package_identification:_identify(teensy_escpid/ESCPID) by extensions ['python_setup_py']
[-1789227707568342784.000s] Level 1:colcon.colcon_core.package_identification:_identify(teensy_escpid/ESCPID) by extension 'python_setup_py'
[-1789227707568342784.000s] Level 1:colcon.colcon_core.package_identification:_identify(teensy_escpid/docs) by extensions ['ignore', 'ignore_ament_install']
[-1789227707568342784.000s] Level 1:colcon.colcon_core.package_identification:_identify(teensy_escpid/docs) by extension 'ignore'
[-1789227707568342784.000s] Level 1:colcon.colcon_core.package_identification:_identify(teensy_escpid/docs) by extension 'ignore_ament_install'
[-1789227707568342784.000s] Level 1:colcon.colcon_core.package_identification:_identify(teensy_escpid/docs) by extensions ['colcon_pkg']
[-1789227707568342784.000s] Level 1:colcon.colcon_core.package_identification:_identify(teensy_escpid/docs) by extension 'colcon_pkg'
[-1789227707568342784.000s] Level 1:colcon.colcon_core.package_identification:_identify(teensy_escpid/docs) by extensions ['colcon_meta']
[-1789227707568342784.000s] Level 1:colcon.colcon_core.package_identification:_identify(teensy_escpid/docs) by extension 'colcon_meta'
[-1789227707568342784.000s] Level 1:colcon.colcon_core.package_identification:_identify(teensy_escpid/docs) by extensions ['ros']
[-1789227707568342784.000s] Level 1:colcon.colcon_core.package_identification:_identify(teensy_escpid/docs) by extension 'ros'
[-1789227707568342784.000s] Level 1:colcon.colcon_core.package_identification:_identify(teensy_escpid/docs) by extensions ['cmake', 'python']
[-1789227707568342784.000s] Level 1:colcon.colcon_core.package_identification:_identify(teensy_escpid/docs) by extension 'cmake'
[-1789227707568342784.000s] Level 1:colcon.colcon_core.package_identification:_identify(teensy_escpid/docs) by extension 'python'
[-1789227707568342784.000s] Level 1:colcon.colcon_core.package_identification:_identify(teensy_escpid/docs) by extensions ['python_setup_py']
[-1789227707568342784.000s] Level 1:colcon.colcon_core.package_identification:_identify(teensy_escpid/docs) by extension 'python_setup_py'
[-1789227707568342784.000s] Level 1:colcon.colcon_core.package_identification:_identify(teensy_escpid/host) by extensions ['ignore', 'ignore_ament_install']
[-1789227707568342784.000s] Level 1:colcon.colcon_core.package_identification:_identify(teensy_escpid/host) by extension 'ignore'
[-1789227707568342784.000s] Level 1:colcon.colcon_core.package_identification:_identify(teensy_escpid/host) by extension 'ignore_ament_install'
[-1789227707568342784.000s] Level 1:colcon.colcon_core.package_identification:_identify(teensy_escpid/host) by extensions ['colcon_pkg']
[-1789227707568342784.000s] Level 1:colcon.colcon_core.package_identification:_identify(teensy_escpid/host) by extension 'colcon_pkg'
[-1789227707568342784.000s] Level 1:colcon.colcon_core.package_identification:_identify(teensy_escpid/host) by extensions ['colcon_meta']
[-1789227707568342784.000s] Level 1:colcon.colcon_core.package_identification:_identify(teensy_escpid/host) by extension 'colcon_meta'
[-1789227707568342784.000s] Level 1:colcon.colcon_core.package_identification:_identify(teensy_escpid/host) by extensions ['ros']
[-1789227707568342784.000s] Level 1:colcon.colcon_core.package_identification:_identify(teensy_escpid/host) by extension 'ros'
[-1789227707568342784.000s] Level 1:colcon.colcon_core.package_identification:_identify(teensy_escpid/host) by extensions ['cmake', 'python']
[-1789227707568342784.000s] Level 1:colcon.colcon_core.package_identification:_identify(teensy_escpid/host) by extension 'cmake'
[-1789227707568342784.000s] Level 1:colcon.colcon_core.package_identification:_identify(teensy_escpid/host) by extension 'python'
[-1789227707568342784.000s] Level 1:colcon.colcon_core.package_identification:_identify(teensy_escpid/host) by extensions ['python_setup_py']
[-1789227707568342784.000s] Level 1:colcon.colcon_core.package_identification:_identify(teensy_escpid/host) by extension 'python_setup_py'
[-1789227707568342784.000s] Level 1:colcon.colcon_core.package_discovery:discover_packages(recursive) using defaults
[-1789227707568342784.000s] Level 1:colcon.colcon_core.package_discovery:discover_packages(ignore) discover
[-1789227707568342784.000s] Level 1:colcon.colcon_core.package_discovery:discover_packages(ignore) using defaults
[-1789227707568342784.000s] Level 1:colcon.colcon_core.package_discovery:discover_packages(path) discover
[-1789227707568342784.000s] Level 1:colcon.colcon_core.package_discovery:discover_packages(path) using defaults
[-1789227707568342784.000s] INFO:colcon.colcon_core.package_selection:Skipping not selected package 'afc_bridge_msgs' in 'rpi_ros2/src/afc_bridge_msgs'
[-1789227707568342784.000s] INFO:colcon.colcon_core.package_selection:Skipping not selected package 'px4_msgs' in 'rpi_ros2/src/px4_msgs'
[-1789227707568342784.000s] Level 1:colcon.colcon_core.package_discovery:discover_packages(prefix_path) check parameters
[-1789227707568342784.000s] Level 1:colcon.colcon_core.package_discovery:discover_packages(prefix_path) discover
[-1789227707568342784.000s] DEBUG:colcon.colcon_installed_package_information.package_discovery:Found 201 installed packages in /opt/ros/lyrical
[-1789227707568342784.000s] Level 1:colcon.colcon_core.package_discovery:discover_packages(prefix_path) using defaults
[-1789227707568342784.000s] Level 5:colcon.colcon_core.verb:set package 'afc_bridge' build argument 'cmake_args' from command line to 'None'
[-1789227707568342784.000s] Level 5:colcon.colcon_core.verb:set package 'afc_bridge' build argument 'cmake_target' from command line to 'None'
[-1789227707568342784.000s] Level 5:colcon.colcon_core.verb:set package 'afc_bridge' build argument 'cmake_target_skip_unavailable' from command line to 'False'
[-1789227707568342784.000s] Level 5:colcon.colcon_core.verb:set package 'afc_bridge' build argument 'cmake_clean_cache' from command line to 'False'
[-1789227707568342784.000s] Level 5:colcon.colcon_core.verb:set package 'afc_bridge' build argument 'cmake_clean_first' from command line to 'False'
[-1789227707568342784.000s] Level 5:colcon.colcon_core.verb:set package 'afc_bridge' build argument 'cmake_force_configure' from command line to 'False'
[-1789227707568342784.000s] Level 5:colcon.colcon_core.verb:set package 'afc_bridge' build argument 'ament_cmake_args' from command line to 'None'
[-1789227707568342784.000s] Level 5:colcon.colcon_core.verb:set package 'afc_bridge' build argument 'catkin_cmake_args' from command line to 'None'
[-1789227707568342784.000s] Level 5:colcon.colcon_core.verb:set package 'afc_bridge' build argument 'catkin_skip_building_tests' from command line to 'False'
[-1789227707568342784.000s] DEBUG:colcon.colcon_core.verb:Building package 'afc_bridge' with the following arguments: {'ament_cmake_args': None, 'build_base': '/home/mattmccrink/afc-drone/build/afc_bridge', 'catkin_cmake_args': None, 'catkin_skip_building_tests': False, 'cmake_args': None, 'cmake_clean_cache': False, 'cmake_clean_first': False, 'cmake_force_configure': False, 'cmake_target': None, 'cmake_target_skip_unavailable': False, 'install_base': '/home/mattmccrink/afc-drone/install/afc_bridge', 'merge_install': False, 'path': '/home/mattmccrink/afc-drone/rpi_ros2/src/afc_bridge', 'symlink_install': True, 'test_result_base': None}
[-1789227707568342784.000s] INFO:colcon.colcon_core.executor:Executing jobs using 'parallel' executor
[-1789227707568342784.000s] DEBUG:colcon.colcon_parallel_executor.executor.parallel:run_until_complete
[-1789227707568342784.000s] INFO:colcon.colcon_ros.task.ament_python.build:Building ROS package in '/home/mattmccrink/afc-drone/rpi_ros2/src/afc_bridge' with build type 'ament_python'
[-1789227707568342784.000s] Level 1:colcon.colcon_core.shell:create_environment_hook('afc_bridge', 'ament_prefix_path')
[-1789227707568342784.000s] INFO:colcon.colcon_core.plugin_system:Skipping extension 'colcon_core.shell.bat': Not used on non-Windows systems
[-1789227707568342784.000s] INFO:colcon.colcon_core.shell:Creating environment hook '/home/mattmccrink/afc-drone/install/afc_bridge/share/afc_bridge/hook/ament_prefix_path.ps1'
[-1789227707568342784.000s] INFO:colcon.colcon_core.shell:Creating environment descriptor '/home/mattmccrink/afc-drone/install/afc_bridge/share/afc_bridge/hook/ament_prefix_path.dsv'
[-1789227707568342784.000s] INFO:colcon.colcon_core.shell:Creating environment hook '/home/mattmccrink/afc-drone/install/afc_bridge/share/afc_bridge/hook/ament_prefix_path.sh'
[-1789227707568342784.000s] INFO:colcon.colcon_core.shell:Skip shell extension 'powershell' for command environment: Not usable outside of PowerShell
[-1789227707568342784.000s] DEBUG:colcon.colcon_core.shell:Skip shell extension 'dsv' for command environment
[-1789227707568342784.000s] ERROR:colcon.colcon_ros.task.ament_python.build:Failed to find the following files:
- /home/mattmccrink/afc-drone/install/afc_bridge_msgs/share/afc_bridge_msgs/package.sh
- /home/mattmccrink/afc-drone/install/px4_msgs/share/px4_msgs/package.sh
Check that the following packages have been built:
- afc_bridge_msgs
- px4_msgs
[-1789227707568342784.000s] DEBUG:colcon.colcon_parallel_executor.executor.parallel:closing loop
[-1789227707568342784.000s] DEBUG:colcon.colcon_parallel_executor.executor.parallel:loop closed
[-1789227707568342784.000s] DEBUG:colcon.colcon_parallel_executor.executor.parallel:run_until_complete finished with '1'
[-1789227707568342784.000s] DEBUG:colcon.colcon_core.event_reactor:joining thread
[-1789227707568342784.000s] INFO:colcon.colcon_core.plugin_system:Skipping extension 'colcon_notification.desktop_notification.notify_send': Could not find 'notify-send'
[-1789227707568342784.000s] INFO:colcon.colcon_core.plugin_system:Skipping extension 'colcon_notification.desktop_notification.terminal_notifier': Not used on non-Darwin systems
[-1789227707568342784.000s] INFO:colcon.colcon_core.plugin_system:Skipping extension 'colcon_notification.desktop_notification.win32': Not used on non-Windows systems
[-1789227707568342784.000s] INFO:colcon.colcon_notification.desktop_notification:Sending desktop notification using 'notify2'
[-1789227707568342784.000s] DEBUG:colcon.colcon_notification.desktop_notification.notify2:Failed to initialize notify2: org.freedesktop.DBus.Error.ServiceUnknown: The name org.freedesktop.Notifications was not provided by any .service files
[-1789227707568342784.000s] DEBUG:colcon.colcon_core.event_reactor:joined thread
[-1789227707568342784.000s] INFO:colcon.colcon_core.shell:Creating prefix script '/home/mattmccrink/afc-drone/install/local_setup.ps1'
[-1789227707568342784.000s] INFO:colcon.colcon_core.shell:Creating prefix util module '/home/mattmccrink/afc-drone/install/_local_setup_util_ps1.py'
[-1789227707568342784.000s] INFO:colcon.colcon_core.shell:Creating prefix chain script '/home/mattmccrink/afc-drone/install/setup.ps1'
[-1789227707568342784.000s] INFO:colcon.colcon_core.shell:Creating prefix script '/home/mattmccrink/afc-drone/install/local_setup.sh'
[-1789227707568342784.000s] INFO:colcon.colcon_core.shell:Creating prefix util module '/home/mattmccrink/afc-drone/install/_local_setup_util_sh.py'
[-1789227707568342784.000s] INFO:colcon.colcon_core.shell:Creating prefix chain script '/home/mattmccrink/afc-drone/install/setup.sh'
[-1789227707568342784.000s] INFO:colcon.colcon_core.shell:Creating prefix script '/home/mattmccrink/afc-drone/install/local_setup.bash'
[-1789227707568342784.000s] INFO:colcon.colcon_core.shell:Creating prefix chain script '/home/mattmccrink/afc-drone/install/setup.bash'
[-1789227707568342784.000s] INFO:colcon.colcon_core.shell:Creating prefix script '/home/mattmccrink/afc-drone/install/local_setup.zsh'
[-1789227707568342784.000s] INFO:colcon.colcon_core.shell:Creating prefix chain script '/home/mattmccrink/afc-drone/install/setup.zsh'
